// Jest Snapshot v1, https://goo.gl/fbAQLP

exports[`renders Request component with a request 1`] = `
ShallowWrapper {
  Symbol(enzyme.__root__): [Circular],
  Symbol(enzyme.__unrendered__): <Request
    done={false}
    id={0}
    latitude={22222.22}
    longitude={111.11}
    satName="Name0"
  />,
  Symbol(enzyme.__renderer__): Object {
    "batchedUpdates": [Function],
    "checkPropTypes": [Function],
    "getNode": [Function],
    "render": [Function],
    "simulateError": [Function],
    "simulateEvent": [Function],
    "unmount": [Function],
  },
  Symbol(enzyme.__node__): Object {
    "instance": null,
    "key": undefined,
    "nodeType": "host",
    "props": Object {
      "children": Array [
        <div
          className="name-and-id"
        >
          <p
            className="request-id data"
          >
            ID: 
            <span
              className="data-span"
            >
              0
            </span>
          </p>
          <p
            className="sat-name"
          >
            Name0
          </p>
        </div>,
        <div
          className="coordinates"
        >
          <p
            className="lat data"
          >
            Latitude: 
            <span
              className="data-span"
            >
              22222.22
            </span>
          </p>
          <p
            className="lon data"
          >
            Longitude: 
            <span
              className="data-span"
            >
              111.11
            </span>
          </p>
        </div>,
        <input
          checked={false}
          className="request-status data"
          type="checkbox"
          value={0}
        />,
      ],
      "className": "request-container",
    },
    "ref": null,
    "rendered": Array [
      Object {
        "instance": null,
        "key": undefined,
        "nodeType": "host",
        "props": Object {
          "children": Array [
            <p
              className="request-id data"
            >
              ID: 
              <span
                className="data-span"
              >
                0
              </span>
            </p>,
            <p
              className="sat-name"
            >
              Name0
            </p>,
          ],
          "className": "name-and-id",
        },
        "ref": null,
        "rendered": Array [
          Object {
            "instance": null,
            "key": undefined,
            "nodeType": "host",
            "props": Object {
              "children": Array [
                "ID: ",
                <span
                  className="data-span"
                >
                  0
                </span>,
              ],
              "className": "request-id data",
            },
            "ref": null,
            "rendered": Array [
              "ID: ",
              Object {
                "instance": null,
                "key": undefined,
                "nodeType": "host",
                "props": Object {
                  "children": 0,
                  "className": "data-span",
                },
                "ref": null,
                "rendered": 0,
                "type": "span",
              },
            ],
            "type": "p",
          },
          Object {
            "instance": null,
            "key": undefined,
            "nodeType": "host",
            "props": Object {
              "children": "Name0",
              "className": "sat-name",
            },
            "ref": null,
            "rendered": "Name0",
            "type": "p",
          },
        ],
        "type": "div",
      },
      Object {
        "instance": null,
        "key": undefined,
        "nodeType": "host",
        "props": Object {
          "children": Array [
            <p
              className="lat data"
            >
              Latitude: 
              <span
                className="data-span"
              >
                22222.22
              </span>
            </p>,
            <p
              className="lon data"
            >
              Longitude: 
              <span
                className="data-span"
              >
                111.11
              </span>
            </p>,
          ],
          "className": "coordinates",
        },
        "ref": null,
        "rendered": Array [
          Object {
            "instance": null,
            "key": undefined,
            "nodeType": "host",
            "props": Object {
              "children": Array [
                "Latitude: ",
                <span
                  className="data-span"
                >
                  22222.22
                </span>,
              ],
              "className": "lat data",
            },
            "ref": null,
            "rendered": Array [
              "Latitude: ",
              Object {
                "instance": null,
                "key": undefined,
                "nodeType": "host",
                "props": Object {
                  "children": 22222.22,
                  "className": "data-span",
                },
                "ref": null,
                "rendered": 22222.22,
                "type": "span",
              },
            ],
            "type": "p",
          },
          Object {
            "instance": null,
            "key": undefined,
            "nodeType": "host",
            "props": Object {
              "children": Array [
                "Longitude: ",
                <span
                  className="data-span"
                >
                  111.11
                </span>,
              ],
              "className": "lon data",
            },
            "ref": null,
            "rendered": Array [
              "Longitude: ",
              Object {
                "instance": null,
                "key": undefined,
                "nodeType": "host",
                "props": Object {
                  "children": 111.11,
                  "className": "data-span",
                },
                "ref": null,
                "rendered": 111.11,
                "type": "span",
              },
            ],
            "type": "p",
          },
        ],
        "type": "div",
      },
      Object {
        "instance": null,
        "key": undefined,
        "nodeType": "host",
        "props": Object {
          "checked": false,
          "className": "request-status data",
          "onChange": undefined,
          "type": "checkbox",
          "value": 0,
        },
        "ref": null,
        "rendered": null,
        "type": "input",
      },
    ],
    "type": "div",
  },
  Symbol(enzyme.__nodes__): Array [
    Object {
      "instance": null,
      "key": undefined,
      "nodeType": "host",
      "props": Object {
        "children": Array [
          <div
            className="name-and-id"
          >
            <p
              className="request-id data"
            >
              ID: 
              <span
                className="data-span"
              >
                0
              </span>
            </p>
            <p
              className="sat-name"
            >
              Name0
            </p>
          </div>,
          <div
            className="coordinates"
          >
            <p
              className="lat data"
            >
              Latitude: 
              <span
                className="data-span"
              >
                22222.22
              </span>
            </p>
            <p
              className="lon data"
            >
              Longitude: 
              <span
                className="data-span"
              >
                111.11
              </span>
            </p>
          </div>,
          <input
            checked={false}
            className="request-status data"
            type="checkbox"
            value={0}
          />,
        ],
        "className": "request-container",
      },
      "ref": null,
      "rendered": Array [
        Object {
          "instance": null,
          "key": undefined,
          "nodeType": "host",
          "props": Object {
            "children": Array [
              <p
                className="request-id data"
              >
                ID: 
                <span
                  className="data-span"
                >
                  0
                </span>
              </p>,
              <p
                className="sat-name"
              >
                Name0
              </p>,
            ],
            "className": "name-and-id",
          },
          "ref": null,
          "rendered": Array [
            Object {
              "instance": null,
              "key": undefined,
              "nodeType": "host",
              "props": Object {
                "children": Array [
                  "ID: ",
                  <span
                    className="data-span"
                  >
                    0
                  </span>,
                ],
                "className": "request-id data",
              },
              "ref": null,
              "rendered": Array [
                "ID: ",
                Object {
                  "instance": null,
                  "key": undefined,
                  "nodeType": "host",
                  "props": Object {
                    "children": 0,
                    "className": "data-span",
                  },
                  "ref": null,
                  "rendered": 0,
                  "type": "span",
                },
              ],
              "type": "p",
            },
            Object {
              "instance": null,
              "key": undefined,
              "nodeType": "host",
              "props": Object {
                "children": "Name0",
                "className": "sat-name",
              },
              "ref": null,
              "rendered": "Name0",
              "type": "p",
            },
          ],
          "type": "div",
        },
        Object {
          "instance": null,
          "key": undefined,
          "nodeType": "host",
          "props": Object {
            "children": Array [
              <p
                className="lat data"
              >
                Latitude: 
                <span
                  className="data-span"
                >
                  22222.22
                </span>
              </p>,
              <p
                className="lon data"
              >
                Longitude: 
                <span
                  className="data-span"
                >
                  111.11
                </span>
              </p>,
            ],
            "className": "coordinates",
          },
          "ref": null,
          "rendered": Array [
            Object {
              "instance": null,
              "key": undefined,
              "nodeType": "host",
              "props": Object {
                "children": Array [
                  "Latitude: ",
                  <span
                    className="data-span"
                  >
                    22222.22
                  </span>,
                ],
                "className": "lat data",
              },
              "ref": null,
              "rendered": Array [
                "Latitude: ",
                Object {
                  "instance": null,
                  "key": undefined,
                  "nodeType": "host",
                  "props": Object {
                    "children": 22222.22,
                    "className": "data-span",
                  },
                  "ref": null,
                  "rendered": 22222.22,
                  "type": "span",
                },
              ],
              "type": "p",
            },
            Object {
              "instance": null,
              "key": undefined,
              "nodeType": "host",
              "props": Object {
                "children": Array [
                  "Longitude: ",
                  <span
                    className="data-span"
                  >
                    111.11
                  </span>,
                ],
                "className": "lon data",
              },
              "ref": null,
              "rendered": Array [
                "Longitude: ",
                Object {
                  "instance": null,
                  "key": undefined,
                  "nodeType": "host",
                  "props": Object {
                    "children": 111.11,
                    "className": "data-span",
                  },
                  "ref": null,
                  "rendered": 111.11,
                  "type": "span",
                },
              ],
              "type": "p",
            },
          ],
          "type": "div",
        },
        Object {
          "instance": null,
          "key": undefined,
          "nodeType": "host",
          "props": Object {
            "checked": false,
            "className": "request-status data",
            "onChange": undefined,
            "type": "checkbox",
            "value": 0,
          },
          "ref": null,
          "rendered": null,
          "type": "input",
        },
      ],
      "type": "div",
    },
  ],
  Symbol(enzyme.__options__): Object {
    "adapter": ReactSixteenAdapter {
      "options": Object {
        "enableComponentDidUpdateOnSetState": true,
        "legacyContextMode": "parent",
        "lifecycles": Object {
          "componentDidUpdate": Object {
            "onSetState": true,
          },
          "getChildContext": Object {
            "calledByRenderer": false,
          },
          "getDerivedStateFromProps": true,
          "getSnapshotBeforeUpdate": true,
          "setState": Object {
            "skipsComponentDidUpdateOnNullish": true,
          },
        },
      },
    },
  },
}
`;
